2026-05-07 12:51:34 [restartedMain] INFO  c.c.m.StaffManagementSystemApplication - Starting StaffManagementSystemApplication using Java 21.0.2 with PID 29756 (C:\Users\umbar\Downloads\staff-management-keycloak\management\target\classes started by Deeksha in C:\Users\umbar\Downloads\staff-management-keycloak)
2026-05-07 12:51:34 [restartedMain] DEBUG c.c.m.StaffManagementSystemApplication - Running with Spring Boot v3.5.5, Spring v6.2.10
2026-05-07 12:51:34 [restartedMain] INFO  c.c.m.StaffManagementSystemApplication - No active profile set, falling back to 1 default profile: "default"
2026-05-07 12:51:34 [restartedMain] INFO  o.s.b.d.e.DevToolsPropertyDefaultsPostProcessor - Devtools property defaults active! Set 'spring.devtools.add-properties' to 'false' to disable
2026-05-07 12:51:34 [restartedMain] INFO  o.s.b.d.e.DevToolsPropertyDefaultsPostProcessor - For additional web related logging consider setting the 'logging.level.web' property to 'DEBUG'
2026-05-07 12:51:37 [restartedMain] INFO  o.s.d.r.c.RepositoryConfigurationDelegate - Bootstrapping Spring Data JPA repositories in DEFAULT mode.
2026-05-07 12:51:37 [restartedMain] INFO  o.s.d.r.c.RepositoryConfigurationDelegate - Finished Spring Data repository scanning in 119 ms. Found 1 JPA repository interface.
2026-05-07 12:51:39 [restartedMain] INFO  o.s.b.w.e.tomcat.TomcatWebServer - Tomcat initialized with port 8081 (http)
2026-05-07 12:51:39 [restartedMain] INFO  o.a.catalina.core.StandardService - Starting service [Tomcat]
2026-05-07 12:51:39 [restartedMain] INFO  o.a.catalina.core.StandardEngine - Starting Servlet engine: [Apache Tomcat/10.1.44]
2026-05-07 12:51:39 [restartedMain] INFO  o.a.c.c.C.[Tomcat].[localhost].[/] - Initializing Spring embedded WebApplicationContext
2026-05-07 12:51:39 [restartedMain] INFO  o.s.b.w.s.c.ServletWebServerApplicationContext - Root WebApplicationContext: initialization completed in 5173 ms
2026-05-07 12:51:40 [restartedMain] INFO  o.h.jpa.internal.util.LogHelper - HHH000204: Processing PersistenceUnitInfo [name: default]
2026-05-07 12:51:40 [restartedMain] INFO  org.hibernate.Version - HHH000412: Hibernate ORM core version 6.6.26.Final
2026-05-07 12:51:40 [restartedMain] INFO  o.h.c.i.RegionFactoryInitiator - HHH000026: Second-level cache disabled
2026-05-07 12:51:41 [restartedMain] INFO  o.s.o.j.p.SpringPersistenceUnitInfo - No LoadTimeWeaver setup: ignoring JPA class transformer
2026-05-07 12:51:41 [restartedMain] INFO  com.zaxxer.hikari.HikariDataSource - HikariPool-1 - Starting...
2026-05-07 12:51:41 [restartedMain] INFO  com.zaxxer.hikari.pool.HikariPool - HikariPool-1 - Added connection org.postgresql.jdbc.PgConnection@6036cf05
2026-05-07 12:51:41 [restartedMain] INFO  com.zaxxer.hikari.HikariDataSource - HikariPool-1 - Start completed.
2026-05-07 12:51:42 [restartedMain] WARN  org.hibernate.orm.deprecation - HHH90000025: PostgreSQLDialect does not need to be specified explicitly using 'hibernate.dialect' (remove the property setting and it will be selected by default)
2026-05-07 12:51:42 [restartedMain] INFO  o.hibernate.orm.connections.pooling - HHH10001005: Database info:
	Database JDBC URL [Connecting through datasource 'HikariDataSource (HikariPool-1)']
	Database driver: undefined/unknown
	Database version: 17.5
	Autocommit mode: undefined/unknown
	Isolation level: undefined/unknown
	Minimum pool size: undefined/unknown
	Maximum pool size: undefined/unknown
2026-05-07 12:51:44 [restartedMain] INFO  o.h.e.t.j.p.i.JtaPlatformInitiator - HHH000489: No JTA platform available (set 'hibernate.transaction.jta.platform' to enable JTA platform integration)
2026-05-07 12:51:44 [restartedMain] INFO  o.s.o.j.LocalContainerEntityManagerFactoryBean - Initialized JPA EntityManagerFactory for persistence unit 'default'
2026-05-07 12:51:45 [restartedMain] INFO  o.s.d.j.r.query.QueryEnhancerFactory - Hibernate is in classpath; If applicable, HQL parser will be used.
2026-05-07 12:51:46 [restartedMain] WARN  o.s.b.a.o.j.JpaBaseConfiguration$JpaWebConfiguration - spring.jpa.open-in-view is enabled by default. Therefore, database queries may be performed during view rendering. Explicitly configure spring.jpa.open-in-view to disable this warning
2026-05-07 12:51:47 [restartedMain] DEBUG o.s.s.c.a.a.c.AuthenticationConfiguration$DefaultPasswordEncoderAuthenticationManagerBuilder - No authenticationProviders and no parentAuthenticationManager defined. Returning null.
2026-05-07 12:51:47 [restartedMain] DEBUG o.s.s.web.DefaultSecurityFilterChain - Will secure any request with filters: DisableEncodeUrlFilter, WebAsyncManagerIntegrationFilter, SecurityContextHolderFilter, HeaderWriterFilter, CorsFilter, LogoutFilter, BearerTokenAuthenticationFilter, AuthenticationFilter, RequestCacheAwareFilter, SecurityContextHolderAwareRequestFilter, AnonymousAuthenticationFilter, SessionManagementFilter, ExceptionTranslationFilter, AuthorizationFilter
2026-05-07 12:51:48 [restartedMain] INFO  o.s.b.d.a.OptionalLiveReloadServer - LiveReload server is running on port 35729
2026-05-07 12:51:48 [restartedMain] INFO  o.s.b.w.e.tomcat.TomcatWebServer - Tomcat started on port 8081 (http) with context path '/'
2026-05-07 12:51:48 [restartedMain] INFO  c.c.m.StaffManagementSystemApplication - Started StaffManagementSystemApplication in 14.761 seconds (process running for 18.096)
2026-05-07 12:51:48 [restartedMain] INFO  c.c.m.StaffManagementSystemApplication - ======================================
2026-05-07 12:51:48 [restartedMain] INFO  c.c.m.StaffManagementSystemApplication - Application: staff-management-system started successfully!
2026-05-07 12:51:48 [restartedMain] INFO  c.c.m.StaffManagementSystemApplication - Server running on port: 8081
2026-05-07 12:51:48 [restartedMain] INFO  c.c.m.StaffManagementSystemApplication - Swagger UI: http://localhost:8081/swagger-ui/index.html
2026-05-07 12:51:48 [restartedMain] INFO  c.c.m.StaffManagementSystemApplication - API Docs: http://localhost:8081/v3/api-docs
2026-05-07 12:51:48 [restartedMain] INFO  c.c.m.StaffManagementSystemApplication - ======================================
2026-05-07 12:55:28 [http-nio-8081-exec-1] INFO  o.a.c.c.C.[Tomcat].[localhost].[/] - Initializing Spring DispatcherServlet 'dispatcherServlet'
2026-05-07 12:55:28 [http-nio-8081-exec-1] INFO  o.s.web.servlet.DispatcherServlet - Initializing Servlet 'dispatcherServlet'
2026-05-07 12:55:28 [http-nio-8081-exec-1] INFO  o.s.web.servlet.DispatcherServlet - Completed initialization in 63 ms
2026-05-07 12:55:28 [http-nio-8081-exec-1] DEBUG o.s.security.web.FilterChainProxy - Securing OPTIONS /api/staff
2026-05-07 12:55:29 [http-nio-8081-exec-2] DEBUG o.s.security.web.FilterChainProxy - Securing GET /api/staff
2026-05-07 12:55:31 [http-nio-8081-exec-2] DEBUG o.s.s.o.s.r.a.JwtAuthenticationProvider - Authenticated token
2026-05-07 12:55:31 [http-nio-8081-exec-2] DEBUG o.s.s.o.s.r.w.a.BearerTokenAuthenticationFilter - Set SecurityContextHolder to JwtAuthenticationToken [Principal=org.springframework.security.oauth2.jwt.Jwt@65c8dffe, Credentials=[PROTECTED], Authenticated=true, Details=WebAuthenticationDetails [RemoteIpAddress=0:0:0:0:0:0:0:1, SessionId=null], Granted Authorities=[]]
2026-05-07 12:55:31 [http-nio-8081-exec-2] DEBUG o.s.security.web.FilterChainProxy - Secured GET /api/staff
2026-05-07 12:55:31 [http-nio-8081-exec-2] INFO  c.c.m.controller.StaffController - Fetching all staff members
2026-05-07 12:55:31 [http-nio-8081-exec-2] DEBUG org.hibernate.SQL - 
    select
        s1_0.staff_id,
        s1_0.department_id,
        s1_0.salary,
        s1_0.staff_name 
    from
        staff s1_0
2026-05-07 12:55:34 [http-nio-8081-exec-3] DEBUG o.s.security.web.FilterChainProxy - Securing OPTIONS /api/staff
2026-05-07 12:55:34 [http-nio-8081-exec-5] DEBUG o.s.security.web.FilterChainProxy - Securing GET /api/staff
2026-05-07 12:55:34 [http-nio-8081-exec-5] DEBUG o.s.s.o.s.r.a.JwtAuthenticationProvider - Authenticated token
2026-05-07 12:55:34 [http-nio-8081-exec-5] DEBUG o.s.s.o.s.r.w.a.BearerTokenAuthenticationFilter - Set SecurityContextHolder to JwtAuthenticationToken [Principal=org.springframework.security.oauth2.jwt.Jwt@65c8dffe, Credentials=[PROTECTED], Authenticated=true, Details=WebAuthenticationDetails [RemoteIpAddress=0:0:0:0:0:0:0:1, SessionId=null], Granted Authorities=[]]
2026-05-07 12:55:34 [http-nio-8081-exec-5] DEBUG o.s.security.web.FilterChainProxy - Secured GET /api/staff
2026-05-07 12:55:34 [http-nio-8081-exec-5] INFO  c.c.m.controller.StaffController - Fetching all staff members
2026-05-07 12:55:34 [http-nio-8081-exec-5] DEBUG org.hibernate.SQL - 
    select
        s1_0.staff_id,
        s1_0.department_id,
        s1_0.salary,
        s1_0.staff_name 
    from
        staff s1_0
2026-05-07 12:55:43 [http-nio-8081-exec-4] DEBUG o.s.security.web.FilterChainProxy - Securing OPTIONS /api/staff
2026-05-07 12:55:43 [http-nio-8081-exec-6] DEBUG o.s.security.web.FilterChainProxy - Securing GET /api/staff
2026-05-07 12:55:43 [http-nio-8081-exec-6] DEBUG o.s.s.o.s.r.a.JwtAuthenticationProvider - Authenticated token
2026-05-07 12:55:43 [http-nio-8081-exec-6] DEBUG o.s.s.o.s.r.w.a.BearerTokenAuthenticationFilter - Set SecurityContextHolder to JwtAuthenticationToken [Principal=org.springframework.security.oauth2.jwt.Jwt@65c8dffe, Credentials=[PROTECTED], Authenticated=true, Details=WebAuthenticationDetails [RemoteIpAddress=0:0:0:0:0:0:0:1, SessionId=null], Granted Authorities=[]]
2026-05-07 12:55:43 [http-nio-8081-exec-6] DEBUG o.s.security.web.FilterChainProxy - Secured GET /api/staff
2026-05-07 12:55:43 [http-nio-8081-exec-6] INFO  c.c.m.controller.StaffController - Fetching all staff members
2026-05-07 12:55:43 [http-nio-8081-exec-6] DEBUG org.hibernate.SQL - 
    select
        s1_0.staff_id,
        s1_0.department_id,
        s1_0.salary,
        s1_0.staff_name 
    from
        staff s1_0
2026-05-07 12:55:48 [http-nio-8081-exec-7] DEBUG o.s.security.web.FilterChainProxy - Securing OPTIONS /api/staff/department/-1
2026-05-07 12:55:48 [http-nio-8081-exec-8] DEBUG o.s.security.web.FilterChainProxy - Securing GET /api/staff/department/-1
2026-05-07 12:55:48 [http-nio-8081-exec-8] DEBUG o.s.s.o.s.r.a.JwtAuthenticationProvider - Authenticated token
2026-05-07 12:55:48 [http-nio-8081-exec-8] DEBUG o.s.s.o.s.r.w.a.BearerTokenAuthenticationFilter - Set SecurityContextHolder to JwtAuthenticationToken [Principal=org.springframework.security.oauth2.jwt.Jwt@65c8dffe, Credentials=[PROTECTED], Authenticated=true, Details=WebAuthenticationDetails [RemoteIpAddress=0:0:0:0:0:0:0:1, SessionId=null], Granted Authorities=[]]
2026-05-07 12:55:48 [http-nio-8081-exec-8] DEBUG o.s.security.web.FilterChainProxy - Secured GET /api/staff/department/-1
2026-05-07 12:55:48 [http-nio-8081-exec-8] INFO  c.c.m.controller.StaffController - Fetching staff for department ID: -1
2026-05-07 12:55:49 [http-nio-8081-exec-8] DEBUG org.hibernate.SQL - 
    select
        s1_0.staff_id,
        s1_0.department_id,
        s1_0.salary,
        s1_0.staff_name 
    from
        staff s1_0 
    where
        s1_0.department_id=?
2026-05-07 12:55:49 [http-nio-8081-exec-8] ERROR c.c.m.e.GlobalExceptionHandler - Resource not found: No staff found in department with id: -1
2026-05-07 12:55:49 [http-nio-8081-exec-8] WARN  o.s.w.s.m.m.a.ExceptionHandlerExceptionResolver - Resolved [com.college.management.exception.ResourceNotFoundException: No staff found in department with id: -1]
2026-05-07 12:57:08 [http-nio-8081-exec-10] DEBUG o.s.security.web.FilterChainProxy - Securing OPTIONS /api/staff
2026-05-07 12:57:08 [http-nio-8081-exec-1] DEBUG o.s.security.web.FilterChainProxy - Securing POST /api/staff
2026-05-07 12:57:08 [http-nio-8081-exec-1] DEBUG o.s.s.o.s.r.a.JwtAuthenticationProvider - Authenticated token
2026-05-07 12:57:08 [http-nio-8081-exec-1] DEBUG o.s.s.o.s.r.w.a.BearerTokenAuthenticationFilter - Set SecurityContextHolder to JwtAuthenticationToken [Principal=org.springframework.security.oauth2.jwt.Jwt@65c8dffe, Credentials=[PROTECTED], Authenticated=true, Details=WebAuthenticationDetails [RemoteIpAddress=0:0:0:0:0:0:0:1, SessionId=null], Granted Authorities=[]]
2026-05-07 12:57:08 [http-nio-8081-exec-1] DEBUG o.s.security.web.FilterChainProxy - Secured POST /api/staff
2026-05-07 12:57:08 [http-nio-8081-exec-1] INFO  c.c.m.controller.StaffController - Creating new staff: .
2026-05-07 12:57:08 [http-nio-8081-exec-1] DEBUG org.hibernate.SQL - 
    insert 
    into
        staff
        (department_id, salary, staff_name) 
    values
        (?, ?, ?)
2026-05-07 12:57:09 [http-nio-8081-exec-2] DEBUG o.s.security.web.FilterChainProxy - Securing GET /api/staff
2026-05-07 12:57:09 [http-nio-8081-exec-2] DEBUG o.s.s.o.s.r.a.JwtAuthenticationProvider - Authenticated token
2026-05-07 12:57:09 [http-nio-8081-exec-2] DEBUG o.s.s.o.s.r.w.a.BearerTokenAuthenticationFilter - Set SecurityContextHolder to JwtAuthenticationToken [Principal=org.springframework.security.oauth2.jwt.Jwt@65c8dffe, Credentials=[PROTECTED], Authenticated=true, Details=WebAuthenticationDetails [RemoteIpAddress=0:0:0:0:0:0:0:1, SessionId=null], Granted Authorities=[]]
2026-05-07 12:57:09 [http-nio-8081-exec-2] DEBUG o.s.security.web.FilterChainProxy - Secured GET /api/staff
2026-05-07 12:57:09 [http-nio-8081-exec-2] INFO  c.c.m.controller.StaffController - Fetching all staff members
2026-05-07 12:57:09 [http-nio-8081-exec-2] DEBUG org.hibernate.SQL - 
    select
        s1_0.staff_id,
        s1_0.department_id,
        s1_0.salary,
        s1_0.staff_name 
    from
        staff s1_0
2026-05-07 12:58:44 [http-nio-8081-exec-5] DEBUG o.s.security.web.FilterChainProxy - Securing OPTIONS /api/staff
2026-05-07 12:58:44 [http-nio-8081-exec-4] DEBUG o.s.security.web.FilterChainProxy - Securing POST /api/staff
2026-05-07 12:58:44 [http-nio-8081-exec-4] DEBUG o.s.s.o.s.r.a.JwtAuthenticationProvider - Authenticated token
2026-05-07 12:58:44 [http-nio-8081-exec-4] DEBUG o.s.s.o.s.r.w.a.BearerTokenAuthenticationFilter - Set SecurityContextHolder to JwtAuthenticationToken [Principal=org.springframework.security.oauth2.jwt.Jwt@65c8dffe, Credentials=[PROTECTED], Authenticated=true, Details=WebAuthenticationDetails [RemoteIpAddress=0:0:0:0:0:0:0:1, SessionId=null], Granted Authorities=[]]
2026-05-07 12:58:44 [http-nio-8081-exec-4] DEBUG o.s.security.web.FilterChainProxy - Secured POST /api/staff
2026-05-07 12:58:44 [http-nio-8081-exec-4] INFO  c.c.m.controller.StaffController - Creating new staff: Mike Wazoski
2026-05-07 12:58:44 [http-nio-8081-exec-4] DEBUG org.hibernate.SQL - 
    insert 
    into
        staff
        (department_id, salary, staff_name) 
    values
        (?, ?, ?)
2026-05-07 12:58:44 [http-nio-8081-exec-6] DEBUG o.s.security.web.FilterChainProxy - Securing GET /api/staff
2026-05-07 12:58:44 [http-nio-8081-exec-6] DEBUG o.s.s.o.s.r.a.JwtAuthenticationProvider - Authenticated token
2026-05-07 12:58:44 [http-nio-8081-exec-6] DEBUG o.s.s.o.s.r.w.a.BearerTokenAuthenticationFilter - Set SecurityContextHolder to JwtAuthenticationToken [Principal=org.springframework.security.oauth2.jwt.Jwt@65c8dffe, Credentials=[PROTECTED], Authenticated=true, Details=WebAuthenticationDetails [RemoteIpAddress=0:0:0:0:0:0:0:1, SessionId=null], Granted Authorities=[]]
2026-05-07 12:58:44 [http-nio-8081-exec-6] DEBUG o.s.security.web.FilterChainProxy - Secured GET /api/staff
2026-05-07 12:58:44 [http-nio-8081-exec-6] INFO  c.c.m.controller.StaffController - Fetching all staff members
2026-05-07 12:58:44 [http-nio-8081-exec-6] DEBUG org.hibernate.SQL - 
    select
        s1_0.staff_id,
        s1_0.department_id,
        s1_0.salary,
        s1_0.staff_name 
    from
        staff s1_0
2026-05-07 12:58:54 [http-nio-8081-exec-7] DEBUG o.s.security.web.FilterChainProxy - Securing OPTIONS /api/staff
2026-05-07 12:58:54 [http-nio-8081-exec-8] DEBUG o.s.security.web.FilterChainProxy - Securing GET /api/staff
2026-05-07 12:58:54 [http-nio-8081-exec-8] DEBUG o.s.s.o.s.r.a.JwtAuthenticationProvider - Authenticated token
2026-05-07 12:58:54 [http-nio-8081-exec-8] DEBUG o.s.s.o.s.r.w.a.BearerTokenAuthenticationFilter - Set SecurityContextHolder to JwtAuthenticationToken [Principal=org.springframework.security.oauth2.jwt.Jwt@65c8dffe, Credentials=[PROTECTED], Authenticated=true, Details=WebAuthenticationDetails [RemoteIpAddress=0:0:0:0:0:0:0:1, SessionId=null], Granted Authorities=[]]
2026-05-07 12:58:54 [http-nio-8081-exec-8] DEBUG o.s.security.web.FilterChainProxy - Secured GET /api/staff
2026-05-07 12:58:54 [http-nio-8081-exec-8] INFO  c.c.m.controller.StaffController - Fetching all staff members
2026-05-07 12:58:54 [http-nio-8081-exec-8] DEBUG org.hibernate.SQL - 
    select
        s1_0.staff_id,
        s1_0.department_id,
        s1_0.salary,
        s1_0.staff_name 
    from
        staff s1_0
2026-05-07 13:03:32 [SpringApplicationShutdownHook] INFO  o.s.b.w.e.tomcat.GracefulShutdown - Commencing graceful shutdown. Waiting for active requests to complete
2026-05-07 13:03:32 [tomcat-shutdown] INFO  o.s.b.w.e.tomcat.GracefulShutdown - Graceful shutdown complete
2026-05-07 13:03:32 [SpringApplicationShutdownHook] INFO  o.s.o.j.LocalContainerEntityManagerFactoryBean - Closing JPA EntityManagerFactory for persistence unit 'default'
2026-05-07 13:03:32 [SpringApplicationShutdownHook] INFO  com.zaxxer.hikari.HikariDataSource - HikariPool-1 - Shutdown initiated...
2026-05-07 13:03:32 [SpringApplicationShutdownHook] INFO  com.zaxxer.hikari.HikariDataSource - HikariPool-1 - Shutdown completed.
